// Jest Snapshot v1, https://goo.gl/fbAQLP

exports[`matches snapshot 1`] = `
<div
  className="h-screen px-12 py-12"
>
  <div
    className="w-full h-full"
  >
    <div
      className="w-full mb-2"
    >
      <div
        className="flex justify-center"
      >
        <label
          className="sr-only"
          htmlFor="city"
        >
          City
        </label>
        <input
          className="w-full block shadow-sm focus:ring-blue-500 focus:border-blue-500 border-gray-300 rounded-md"
          data-testid="location-input"
          name="city"
          onChange={[Function]}
          placeholder="Enter a City"
          type="text"
          value=""
        />
      </div>
    </div>
    <div
      className="block sm:flex justify-between items-center flex-wrap"
    />
    <div
      className="bg-blue-300 text-gray-800 rounded-lg overflow-hidden shadow my-6"
    >
      <div
        className="px-6 py-6 relative"
      >
        <div
          className="flex justify-center items-center"
        >
          Please enter and select a city above to see the weather.
        </div>
      </div>
    </div>
  </div>
</div>
`;
