// Jest Snapshot v1, https://goo.gl/fbAQLP

exports[`matches snapshot 1`] = `
<div
  className="block sm:flex justify-between items-center flex-wrap"
/>
`;
