// Jest Snapshot v1, https://goo.gl/fbAQLP

exports[`matches snapshot 1`] = `
<div
  className="w-full mb-2"
>
  <div
    className="flex justify-center"
  >
    <label
      className="sr-only"
      htmlFor="city"
    >
      City
    </label>
    <input
      className="w-full block shadow-sm focus:ring-blue-500 focus:border-blue-500 border-gray-300 rounded-md"
      data-testid="location-input"
      name="city"
      onChange={[Function]}
      placeholder="Enter a City"
      type="text"
      value=""
    />
  </div>
</div>
`;
